[Licensing::Module] Trying to connect to existing licensing client channel...
Built from '6000.3/staging' branch; Version is '6000.3.23f1 (09d2ecc7fb28) revision 643820'; Using compiler version '194234433'; Build Type 'Release'
OS: 'Windows 10  (10.0.19045) 64bit Core' Language: 'es' Physical Memory: 16314 MB
[Licensing::IpcConnector] Successfully connected to: "LicenseClient-crist" at "2026-10-05T07:04:16.5435418Z"
BatchMode: 1, IsHumanControllingUs: 0, StartBugReporterOnCrash: 0, Is64bit: 1
System  architecture: x64
Process architecture: x64
Date: 2026-10-05T07:04:16Z

COMMAND LINE ARGUMENTS:
C:\Program Files\Unity\Hub\Editor\6000.3.23f1\Editor\Unity.exe
-batchmode
-quit
-force-d3d11
-projectPath
C:\actions-runner-eldoria\_work\Eldoria-Prewiu\Eldoria-Prewiu\Unity
-executeMethod
Eldoria.EditorTools.PreproductionSceneCapture.Capture
-logFile
C:\actions-runner-eldoria\_work\_temp\ValoriaProductionArtResetV1.log
Successfully changed project path to: C:\actions-runner-eldoria\_work\Eldoria-Prewiu\Eldoria-Prewiu\Unity
C:/actions-runner-eldoria/_work/Eldoria-Prewiu/Eldoria-Prewiu/Unity
[UnityMemory] Configuration Parameters - Can be set up in boot.config
    "memorysetup-temp-allocator-size-nav-mesh-worker=65536"
    "memorysetup-temp-allocator-size-audio-worker=65536"
    "memorysetup-temp-allocator-size-gfx=262144"
    "memorysetup-allocator-temp-initial-block-size-main=262144"
    "memorysetup-allocator-temp-initial-block-size-worker=262144"
    "memorysetup-temp-allocator-size-background-worker=32768"
    "memorysetup-temp-allocator-size-job-worker=262144"
    "memorysetup-temp-allocator-size-preload-manager=33554432"
    "memorysetup-remapper-allocator-initial-capacity=32768"
    "memorysetup-temp-allocator-size-gi-baking-worker=262144"
    "memorysetup-temp-allocator-size-gi-baking-worker=262144"
    "memorysetup-temp-allocator-size-gi-baking-worker=262144"
    "memorysetup-temp-allocator-size-gi-baking-worker=262144"
    "memorysetup-temp-allocator-size-gi-baking-worker=262144"
    "memorysetup-bucket-allocator-granularity=16"
    "memorysetup-bucket-allocator-bucket-count=8"
    "memorysetup-bucket-allocator-block-size=33554432"
    "memorysetup-bucket-allocator-block-count=8"
    "memorysetup-main-allocator-block-size=16777216"
    "memorysetup-thread-allocator-block-size=16777216"
    "memorysetup-gfx-main-allocator-block-size=16777216"
    "memorysetup-gfx-thread-allocator-block-size=16777216"
    "memorysetup-cache-allocator-block-size=4194304"
    "memorysetup-typetree-allocator-block-size=2097152"
    "memorysetup-profiler-bucket-allocator-granularity=16"
    "memorysetup-profiler-bucket-allocator-bucket-count=8"
    "memorysetup-profiler-bucket-allocator-block-size=33554432"
    "memorysetup-profiler-bucket-allocator-block-count=8"
    "memorysetup-profiler-allocator-block-size=16777216"
    "memorysetup-profiler-editor-allocator-block-size=1048576"
    "memorysetup-temp-allocator-size-main=16777216"
    "memorysetup-job-temp-allocator-block-size=2097152"
    "memorysetup-job-temp-allocator-block-size-background=1048576"
    "memorysetup-job-temp-allocator-reduction-small-platforms=262144"
    "memorysetup-temp-allocator-size-cloud-worker=32768"
Player connection [32116]  Target information:

Player connection [32116]  * "[IP] 192.168.1.45 [Port] 55505 [Flags] 2 [Guid] 2841427286 [EditorId] 2841427286 [Version] 1048832 [Id] WindowsEditor(7,DESKTOP-R10PE55) [Debug] 1 [PackageName] WindowsEditor [ProjectName] Editor" 

Player connection [32116] Host joined multi-casting on [225.0.0.222:54997]...
Player connection [32116] Host joined alternative multi-casting on [225.0.0.222:34997]...
Input System module state changed to: Initialized.
[Physics::Module] Initialized fallback backend.
[Physics::Module] Id: 0xdecafbad
[Licensing::Client] Code 10 while verifying Licensing Client signature (process Id: 8116, path: "C:/Program Files/Unity Hub/UnityLicensingClient_V1/Unity.Licensing.Client.exe")
[Licensing::Module] LicensingClient has failed validation; ignoring
[Licensing::Client] Handshaking with LicensingClient:
  Version:                 1.18.3+d7ffd15
  Session Id:              5371ef473d1646688db730ddb0926ce0
  Correlation Id:          7b0e9d3da2aaca8974fa37a21a35975e
  External correlation Id: 1458303923870626771
  Machine Id:              2f5r11GGPSmasE3evuSWjGpcpFg=
[Licensing::Module] Successfully connected to LicensingClient on channel: "LicenseClient-crist" (connect: 0.00s, validation: 0.00s, handshake: 0.02s)
[Licensing::IpcConnector] Successfully connected to: "LicenseClient-crist-notifications" at "2026-10-05T07:04:16.5646021Z"
[Licensing::Module] Error: Access token is unavailable; failed to update
[Licensing::Client] Successfully resolved entitlement details
[Licensing::Module] License group:
  Id: 6872884678417-UnityPersXXXX
  Product: Unity Personal
  Type: Assigned
  Expiration: Unlimited
[Licensing::Client] Successfully updated license, isAsync: True, time: 0.00
[Licensing::Client] Successfully resolved entitlement details
[Licensing::Module] Licensing Background thread has ended after 0.02s
[Package Manager] Connected to IPC stream "Upm-42484" after 0.2 seconds.
[Licensing::Client] Successfully resolved entitlement details
Library Redirect Path: Library/
FMOD initialized on nosound output
[Physics::Module] Selected backend.
[Physics::Module] Name: PhysX
[Physics::Module] Id: 0xf2b8ea05
[Physics::Module] SDK Version: 4.1.2
[Physics::Module] Integration Version: 1.0.0
[Physics::Module] Threading Mode: Multi-Threaded
Refreshing native plugins compatible for Editor in 0.11 ms, found 0 plugins.
Preloading 0 native plugins for Editor in 0.00 ms.
Initialize engine version: 6000.3.23f1 (09d2ecc7fb28)
[Subsystems] Discovering subsystems at path C:/Program Files/Unity/Hub/Editor/6000.3.23f1/Editor/Data/Resources/UnitySubsystems
[Subsystems] Discovering subsystems at path C:/actions-runner-eldoria/_work/Eldoria-Prewiu/Eldoria-Prewiu/Unity/Assets
Forcing GfxDevice: Direct3D 11
GfxDevice: creating device client; kGfxThreadingModeNonThreaded
Direct3D:
    Version:  Direct3D 11.0 [level 11.1]
    Renderer: NVIDIA GeForce RTX 3060 (ID=0x2504)
    Vendor:   NVIDIA
    VRAM:     12115 MB
    Driver:   32.0.15.7242
Initialize mono
Mono path[0] = 'C:/Program Files/Unity/Hub/Editor/6000.3.23f1/Editor/Data/Managed'
Mono path[1] = 'C:/Program Files/Unity/Hub/Editor/6000.3.23f1/Editor/Data/MonoBleedingEdge/lib/mono/unityjit-win32'
Mono config path = 'C:/Program Files/Unity/Hub/Editor/6000.3.23f1/Editor/Data/MonoBleedingEdge/etc'
Using monoOptions --debugger-agent=transport=dt_socket,embedding=1,server=y,suspend=n,address=127.0.0.1:56484
Using cacheserver namespaces - metadata:defaultmetadata, artifacts:defaultartifacts
Using cacheserver namespaces - metadata:defaultmetadata, artifacts:defaultartifacts
ImportWorker Server TCP listen port: 0
AcceleratorClientConnectionCallback - disconnected - :0
Begin MonoManager ReloadAssembly
Registering precompiled unity dll's ...
Register platform support module: C:/Program Files/Unity/Hub/Editor/6000.3.23f1/Editor/Data/PlaybackEngines/WebGLSupport/UnityEditor.WebGL.Extensions.dll
Register platform support module: C:/Program Files/Unity/Hub/Editor/6000.3.23f1/Editor/Data/PlaybackEngines/WindowsStandaloneSupport/UnityEditor.WindowsStandalone.Extensions.dll
[Licensing::Client] Successfully resolved entitlement details
Register platform support module: C:/Program Files/Unity/Hub/Editor/6000.3.23f1/Editor/Data/PlaybackEngines/iOSSupport/UnityEditor.iOS.Extensions.dll
Registered in 0.003590 seconds.
- Loaded All Assemblies, in  0.399 seconds
Native extension for iOS target not found
Native extension for WindowsStandalone target not found
Native extension for WebGL target not found
Package Manager log level set to [2]
ScheduleIndexationOnStartup MainProcess:False IndexOnStartup:False
Mono: successfully reloaded assembly
- Finished resetting the current domain, in  0.373 seconds
Domain Reload Profiling: 770ms
	BeginReloadAssembly (133ms)
		ExecutionOrderSort (0ms)
		DisableScriptedObjects (0ms)
		BackupInstance (0ms)
		ReleaseScriptingObjects (0ms)
		CreateAndSetChildDomain (15ms)
	RebuildCommonClasses (35ms)
	RebuildNativeTypeToScriptingClass (13ms)
	initialDomainReloadingComplete (45ms)
	LoadAllAssembliesAndSetupDomain (171ms)
		LoadAssemblies (112ms)
		RebuildTransferFunctionScriptingTraits (0ms)
		AnalyzeDomain (168ms)
			TypeCache.Refresh (166ms)
				TypeCache.ScanAssembly (153ms)
			BuildScriptInfoCaches (0ms)
			ResolveRequiredComponents (0ms)
	FinalizeReload (374ms)
		ReleaseScriptCaches (0ms)
		RebuildScriptCaches (0ms)
		SetupLoadedEditorAssemblies (337ms)
			LogAssemblyErrors (0ms)
			InitializePlatformSupportModulesInManaged (58ms)
			SetLoadedEditorAssemblies (4ms)
			BeforeProcessingInitializeOnLoad (80ms)
			ProcessInitializeOnLoadAttributes (123ms)
			ProcessInitializeOnLoadMethodAttributes (73ms)
			AfterProcessingInitializeOnLoad (0ms)
			EditorAssembliesLoaded (0ms)
		ExecutionOrderSort2 (0ms)
		AwakeInstancesAfterBackupRestoration (0ms)
[Licensing::Client] Successfully resolved entitlement details
Application.AssetDatabase Initial Refresh Start
[Package Manager] Restoring resolved packages state from cache
[Licensing::Client] Successfully resolved entitlement details
[Package Manager] Registered 25 packages:
  Packages from [https://packages.unity.com]:
    com.unity.cloud.gltfast@6.14.1 (location: C:\actions-runner-eldoria\_work\Eldoria-Prewiu\Eldoria-Prewiu\Unity\Library\PackageCache\com.unity.cloud.gltfast@0847aee0f6da)
    com.unity.inputsystem@1.17.0 (location: C:\actions-runner-eldoria\_work\Eldoria-Prewiu\Eldoria-Prewiu\Unity\Library\PackageCache\com.unity.inputsystem@02433b2481ab)
    com.unity.burst@1.8.30 (location: C:\actions-runner-eldoria\_work\Eldoria-Prewiu\Eldoria-Prewiu\Unity\Library\PackageCache\com.unity.burst@2f3d916873ea)
    com.unity.collections@2.6.8 (location: C:\actions-runner-eldoria\_work\Eldoria-Prewiu\Eldoria-Prewiu\Unity\Library\PackageCache\com.unity.collections@84e8eb3fc12e)
    com.unity.mathematics@1.3.3 (location: C:\actions-runner-eldoria\_work\Eldoria-Prewiu\Eldoria-Prewiu\Unity\Library\PackageCache\com.unity.mathematics@19a9377c4ffa)
    com.unity.searcher@4.9.5 (location: C:\actions-runner-eldoria\_work\Eldoria-Prewiu\Eldoria-Prewiu\Unity\Library\PackageCache\com.unity.searcher@a463122f2c00)
    com.unity.nuget.mono-cecil@1.11.6 (location: C:\actions-runner-eldoria\_work\Eldoria-Prewiu\Eldoria-Prewiu\Unity\Library\PackageCache\com.unity.nuget.mono-cecil@ecb9724e46ff)
    com.unity.test-framework.performance@3.5.0 (location: C:\actions-runner-eldoria\_work\Eldoria-Prewiu\Eldoria-Prewiu\Unity\Library\PackageCache\com.unity.test-framework.performance@8b56083ec0f0)
  Built-in packages:
    com.unity.render-pipelines.universal@17.3.0 (location: C:\actions-runner-eldoria\_work\Eldoria-Prewiu\Eldoria-Prewiu\Unity\Library\PackageCache\com.unity.render-pipelines.universal@7865b6b91f8a)
    com.unity.ugui@2.0.0 (location: C:\actions-runner-eldoria\_work\Eldoria-Prewiu\Eldoria-Prewiu\Unity\Library\PackageCache\com.unity.ugui@27635d171b1a)
    com.unity.test-framework@1.6.0 (location: C:\actions-runner-eldoria\_work\Eldoria-Prewiu\Eldoria-Prewiu\Unity\Library\PackageCache\com.unity.test-framework@bd7f943e9647)
    com.unity.modules.imageconversion@1.0.0 (location: C:\actions-runner-eldoria\_work\Eldoria-Prewiu\Eldoria-Prewiu\Unity\Library\PackageCache\com.unity.modules.imageconversion)
    com.unity.modules.unitywebrequest@1.0.0 (location: C:\actions-runner-eldoria\_work\Eldoria-Prewiu\Eldoria-Prewiu\Unity\Library\PackageCache\com.unity.modules.unitywebrequest)
    com.unity.modules.unitywebrequesttexture@1.0.0 (location: C:\actions-runner-eldoria\_work\Eldoria-Prewiu\Eldoria-Prewiu\Unity\Library\PackageCache\com.unity.modules.unitywebrequesttexture)
    com.unity.ext.nunit@2.0.5 (location: C:\actions-runner-eldoria\_work\Eldoria-Prewiu\Eldoria-Prewiu\Unity\Library\PackageCache\com.unity.ext.nunit@d8c07649098d)
    com.unity.modules.imgui@1.0.0 (location: C:\actions-runner-eldoria\_work\Eldoria-Prewiu\Eldoria-Prewiu\Unity\Library\PackageCache\com.unity.modules.imgui)
    com.unity.modules.jsonserialize@1.0.0 (location: C:\actions-runner-eldoria\_work\Eldoria-Prewiu\Eldoria-Prewiu\Unity\Library\PackageCache\com.unity.modules.jsonserialize)
    com.unity.modules.ui@1.0.0 (location: C:\actions-runner-eldoria\_work\Eldoria-Prewiu\Eldoria-Prewiu\Unity\Library\PackageCache\com.unity.modules.ui)
    com.unity.modules.uielements@1.0.0 (location: C:\actions-runner-eldoria\_work\Eldoria-Prewiu\Eldoria-Prewiu\Unity\Library\PackageCache\com.unity.modules.uielements)
    com.unity.render-pipelines.core@17.3.0 (location: C:\actions-runner-eldoria\_work\Eldoria-Prewiu\Eldoria-Prewiu\Unity\Library\PackageCache\com.unity.render-pipelines.core@0bb36005e9ba)
    com.unity.shadergraph@17.3.0 (location: C:\actions-runner-eldoria\_work\Eldoria-Prewiu\Eldoria-Prewiu\Unity\Library\PackageCache\com.unity.shadergraph@b4b75cc00891)
    com.unity.render-pipelines.universal-config@17.0.3 (location: C:\actions-runner-eldoria\_work\Eldoria-Prewiu\Eldoria-Prewiu\Unity\Library\PackageCache\com.unity.render-pipelines.universal-config@8dc1aab4af1d)
    com.unity.modules.hierarchycore@1.0.0 (location: C:\actions-runner-eldoria\_work\Eldoria-Prewiu\Eldoria-Prewiu\Unity\Library\PackageCache\com.unity.modules.hierarchycore)
    com.unity.modules.physics@1.0.0 (location: C:\actions-runner-eldoria\_work\Eldoria-Prewiu\Eldoria-Prewiu\Unity\Library\PackageCache\com.unity.modules.physics)
    com.unity.modules.terrain@1.0.0 (location: C:\actions-runner-eldoria\_work\Eldoria-Prewiu\Eldoria-Prewiu\Unity\Library\PackageCache\com.unity.modules.terrain)
[Subsystems] No new subsystems found in resolved package list.
[Package Manager] Done registering packages in 0.01 seconds
[Package Manager] Done resolving packages in 1.09 seconds
[Licensing::Client] Successfully resolved entitlement details
[Package Manager] Lock file was modified
[Package Manager] Registered 25 packages:
  Packages from [https://packages.unity.com]:
    com.unity.cloud.gltfast@6.14.1 (location: C:\actions-runner-eldoria\_work\Eldoria-Prewiu\Eldoria-Prewiu\Unity\Library\PackageCache\com.unity.cloud.gltfast@0847aee0f6da)
    com.unity.inputsystem@1.17.0 (location: C:\actions-runner-eldoria\_work\Eldoria-Prewiu\Eldoria-Prewiu\Unity\Library\PackageCache\com.unity.inputsystem@02433b2481ab)
    com.unity.burst@1.8.30 (location: C:\actions-runner-eldoria\_work\Eldoria-Prewiu\Eldoria-Prewiu\Unity\Library\PackageCache\com.unity.burst@2f3d916873ea)
    com.unity.collections@2.6.8 (location: C:\actions-runner-eldoria\_work\Eldoria-Prewiu\Eldoria-Prewiu\Unity\Library\PackageCache\com.unity.collections@84e8eb3fc12e)
    com.unity.mathematics@1.3.3 (location: C:\actions-runner-eldoria\_work\Eldoria-Prewiu\Eldoria-Prewiu\Unity\Library\PackageCache\com.unity.mathematics@19a9377c4ffa)
    com.unity.searcher@4.9.5 (location: C:\actions-runner-eldoria\_work\Eldoria-Prewiu\Eldoria-Prewiu\Unity\Library\PackageCache\com.unity.searcher@a463122f2c00)
    com.unity.nuget.mono-cecil@1.11.6 (location: C:\actions-runner-eldoria\_work\Eldoria-Prewiu\Eldoria-Prewiu\Unity\Library\PackageCache\com.unity.nuget.mono-cecil@ecb9724e46ff)
    com.unity.test-framework.performance@3.5.0 (location: C:\actions-runner-eldoria\_work\Eldoria-Prewiu\Eldoria-Prewiu\Unity\Library\PackageCache\com.unity.test-framework.performance@8b56083ec0f0)
  Built-in packages:
    com.unity.render-pipelines.universal@17.3.0 (location: C:\actions-runner-eldoria\_work\Eldoria-Prewiu\Eldoria-Prewiu\Unity\Library\PackageCache\com.unity.render-pipelines.universal@7865b6b91f8a)
    com.unity.ugui@2.0.0 (location: C:\actions-runner-eldoria\_work\Eldoria-Prewiu\Eldoria-Prewiu\Unity\Library\PackageCache\com.unity.ugui@27635d171b1a)
    com.unity.test-framework@1.6.0 (location: C:\actions-runner-eldoria\_work\Eldoria-Prewiu\Eldoria-Prewiu\Unity\Library\PackageCache\com.unity.test-framework@bd7f943e9647)
    com.unity.modules.imageconversion@1.0.0 (location: C:\actions-runner-eldoria\_work\Eldoria-Prewiu\Eldoria-Prewiu\Unity\Library\PackageCache\com.unity.modules.imageconversion)
    com.unity.modules.unitywebrequest@1.0.0 (location: C:\actions-runner-eldoria\_work\Eldoria-Prewiu\Eldoria-Prewiu\Unity\Library\PackageCache\com.unity.modules.unitywebrequest)
    com.unity.modules.unitywebrequesttexture@1.0.0 (location: C:\actions-runner-eldoria\_work\Eldoria-Prewiu\Eldoria-Prewiu\Unity\Library\PackageCache\com.unity.modules.unitywebrequesttexture)
    com.unity.ext.nunit@2.0.5 (location: C:\actions-runner-eldoria\_work\Eldoria-Prewiu\Eldoria-Prewiu\Unity\Library\PackageCache\com.unity.ext.nunit@d8c07649098d)
    com.unity.modules.imgui@1.0.0 (location: C:\actions-runner-eldoria\_work\Eldoria-Prewiu\Eldoria-Prewiu\Unity\Library\PackageCache\com.unity.modules.imgui)
    com.unity.modules.jsonserialize@1.0.0 (location: C:\actions-runner-eldoria\_work\Eldoria-Prewiu\Eldoria-Prewiu\Unity\Library\PackageCache\com.unity.modules.jsonserialize)
    com.unity.modules.ui@1.0.0 (location: C:\actions-runner-eldoria\_work\Eldoria-Prewiu\Eldoria-Prewiu\Unity\Library\PackageCache\com.unity.modules.ui)
    com.unity.modules.uielements@1.0.0 (location: C:\actions-runner-eldoria\_work\Eldoria-Prewiu\Eldoria-Prewiu\Unity\Library\PackageCache\com.unity.modules.uielements)
    com.unity.render-pipelines.core@17.3.0 (location: C:\actions-runner-eldoria\_work\Eldoria-Prewiu\Eldoria-Prewiu\Unity\Library\PackageCache\com.unity.render-pipelines.core@0bb36005e9ba)
    com.unity.shadergraph@17.3.0 (location: C:\actions-runner-eldoria\_work\Eldoria-Prewiu\Eldoria-Prewiu\Unity\Library\PackageCache\com.unity.shadergraph@b4b75cc00891)
    com.unity.render-pipelines.universal-config@17.0.3 (location: C:\actions-runner-eldoria\_work\Eldoria-Prewiu\Eldoria-Prewiu\Unity\Library\PackageCache\com.unity.render-pipelines.universal-config@8dc1aab4af1d)
    com.unity.modules.hierarchycore@1.0.0 (location: C:\actions-runner-eldoria\_work\Eldoria-Prewiu\Eldoria-Prewiu\Unity\Library\PackageCache\com.unity.modules.hierarchycore)
    com.unity.modules.physics@1.0.0 (location: C:\actions-runner-eldoria\_work\Eldoria-Prewiu\Eldoria-Prewiu\Unity\Library\PackageCache\com.unity.modules.physics)
    com.unity.modules.terrain@1.0.0 (location: C:\actions-runner-eldoria\_work\Eldoria-Prewiu\Eldoria-Prewiu\Unity\Library\PackageCache\com.unity.modules.terrain)
[Subsystems] No new subsystems found in resolved package list.
[Package Manager] Done registering packages in 0.00 seconds
A meta data file (.meta) exists but its asset 'Assets/EmaceArt/Slavic World Free/URP_Support/URP/URP_Material.unitypackage' can't be found. When moving or deleting files outside of Unity, please ensure that the corresponding .meta file is moved or deleted along with it.
[ScriptCompilation] Requested script compilation because: Assetdatabase observed changes in script compilation related files
Starting: C:\Program Files\Unity\Hub\Editor\6000.3.23f1\Editor\Data\Tools\BuildPipeline\bee_backend.exe --ipc --defer-dag-verification --dagfile="Library/Bee/1900b0aE.dag" --continue-on-failure --profile="Library/Bee/backend1.traceevents" ScriptAssemblies
WorkingDir: C:/actions-runner-eldoria/_work/Eldoria-Prewiu/Eldoria-Prewiu/Unity
DisplayProgressbar: Compiling Scripts
ExitCode: 0 Duration: 0s166ms
[584/741    0s] ILPP-Configuration Library/ilpp-configuration.nevergeneratedoutput
*** Tundra build success (0.14 seconds), 1 items updated, 741 evaluated
AssetDatabase: script compilation time: 0.505157s
Begin MonoManager ReloadAssembly
- Loaded All Assemblies, in  0.694 seconds
Start importing ProjectSettings/ProjectSettings.asset using Guid(00000000000000004000000000000000) (LibraryAssetImporter) -> (artifact id: '03f03623babc6b3191cdfe89d2ab3679') in 0.017369 seconds
Start importing ProjectSettings/GraphicsSettings.asset using Guid(00000000000000006100000000000000) (LibraryAssetImporter) -> (artifact id: 'd3b7ed1f46345ba312812909ab936540') in 0.0013083 seconds
Start importing Assets/Holotna using Guid(34ba2fe9badc82e40bbf96cfd4d05c79) (DefaultImporter) -> (artifact id: '46f8d67fb9c8637c574a17fd34a6942a') in 0.0062748 seconds
Start importing Assets/WorldPackCompare using Guid(79502a0d4529d1543bd72be3ce6bbb15) (DefaultImporter) -> (artifact id: '0101e034ad869829e5ef01995b500cd3') in 0.0018917 seconds
Start importing Assets/Holotna/Mountain using Guid(090e9a9ac1f6f0b47b51edb9b2487c36) (DefaultImporter) -> (artifact id: '9358ee5826b60b3dbad313c4b3d33b58') in 0.001821 seconds
Start importing Assets/WorldPackCompare/Quaternius using Guid(1ae1e55698b6c37408522fdc51137541) (DefaultImporter) -> (artifact id: '6f880dcd888352caa42f2d4536156651') in 0.0015585 seconds
Start importing Assets/Eldoria/ArtTests using Guid(1cb064f9331247a4e94d7858ee8c942b) (DefaultImporter) -> (artifact id: '063803087aa8dd609f444de18fe5c035') in 0.0015624 seconds
Start importing Assets/Eldoria/ArtTests/LayeredValoria using Guid(f07ecac4110ca074ea857690552cb892) (DefaultImporter) -> (artifact id: 'bd7a2571bebfec8eb157bef98ae11cb6') in 0.0016155 seconds
Start importing Assets/Eldoria/ArtTests/OriginalHero using Guid(c14d571beaacf974fab187213340b581) (DefaultImporter) -> (artifact id: '881a4acd9aaf21f90611cf2507679f3b') in 0.001535 seconds
Start importing Assets/Holotna/Mountain/Shaders using Guid(d30fc8d6e94661842acf916c66f4dff5) (DefaultImporter) -> (artifact id: 'abe682a18801ba1224dd25de96dd86a0') in 0.0014708 seconds
Start importing Assets/WorldPackCompare/Quaternius/FBX using Guid(44a344adce05fe047a0998d9d261f1df) (DefaultImporter) -> (artifact id: '0569d198e3c8de67263a995ed2dece28') in 0.006042 seconds
Start importing Assets/Holotna/Mountain/Materials using Guid(873aa8d69898a3c4a9ad71b5d08d0129) (DefaultImporter) -> (artifact id: '55b5a60cae2b70af9a79bd969dfab7c7') in 0.0017837 seconds
Start importing Assets/Eldoria/ArtTests/ImageTo3D using Guid(08fd66e7abdc0e645ae25f22bd535cae) (DefaultImporter) -> (artifact id: '6d09b931404a3437f359d31f60336eed') in 0.0059346 seconds
Start importing Assets/Eldoria/Resources/WorldPlayerCity using Guid(48b43a6ba6d9c314fb2b1403b7f4e3b2) (DefaultImporter) -> (artifact id: '476e82015b89f2280b72435e7551dc2f') in 0.0015894 seconds
Start importing Assets/Eldoria/Resources/UI using Guid(58d49acf47506b54ea7f3846370b6f9e) (DefaultImporter) -> (artifact id: 'e30b063593b90188fbadb56ac219966a') in 0.0015883 seconds
Start importing Assets/Holotna/Mountain/Models using Guid(0a844fcda185d9b4a8b594a0a7904243) (DefaultImporter) -> (artifact id: '432125908b27e0c44cf0a57fc001d2ac') in 0.0014635 seconds
Start importing Assets/Holotna/Mountain/Textures using Guid(4c18a3b9d7f497a44872fe481be1248f) (DefaultImporter) -> (artifact id: '124d7f8e86753075b012f76958f12838') in 0.0014943 seconds
Start importing Assets/Eldoria/Resources/WorldInventory using Guid(8ed98fa36b3378544981781a19cdc853) (DefaultImporter) -> (artifact id: '3b242d54282e0365517673d5adfbfc26') in 0.0015653 seconds
Start importing Assets/Eldoria/ArtTests/ImageTo3D/Source using Guid(7039de22071b4e645beb82b30beeed83) (DefaultImporter) -> (artifact id: '9dda93654324f3811a31766e391c0d14') in 0.0015052 seconds
Start importing Assets/Eldoria/Resources/Valoria/StoneArchitectureKit_v1 using Guid(90dd5569d95fd2944933713aa4adbc9b) (DefaultImporter) -> (artifact id: '7b0043a7b08c190b8798159d0f6b9f31') in 0.0060245 seconds
Start importing Assets/Eldoria/Resources/Valoria/Rescued using Guid(537a4f413c71da9409bc73e339d03e37) (DefaultImporter) -> (artifact id: '15f59ca1ab30438f3e84762fddd3664a') in 0.0015942 seconds
Start importing Assets/Eldoria/Resources/Valoria/HeroBastionGenerated using Guid(75fb5dacb1fd48a4989da22e805956f2) (DefaultImporter) -> (artifact id: 'ddabc578ccadb3d60d143c86198c9053') in 0.0016556 seconds
Start importing Assets/Eldoria/ArtTests/ImageTo3D/Editor using Guid(755c3ef91e4c18445bf45ec2cba68ad6) (DefaultImporter) -> (artifact id: '7b7393ee48ae73d4f455949536aea451') in 0.001548 seconds
Start importing Assets/Eldoria/Resources/Valoria/TerrainTerraceKit_v1 using Guid(85de54b6a957b9345a6f3b2582db3252) (DefaultImporter) -> (artifact id: '203f3facf7fedea9819ef26d18f13cf4') in 0.0014639 seconds
Start importing Assets/Eldoria/Resources/Valoria/StoneKit using Guid(e811810633973dd4f91879d378185084) (DefaultImporter) -> (artifact id: '0f36b575daab7a9dcdd64036c84aa376') in 0.0060305 seconds
Start importing Assets/Eldoria/ArtTests/OriginalHero/Textures using Guid(cade6487ad32dd146a5f13dc4a920580) (DefaultImporter) -> (artifact id: '8361c33b1fef8b231faa709aba179459') in 0.0017266 seconds
Start importing Assets/Eldoria/Resources/Valoria/ProductionArt using Guid(4dc4c24ed5249e642af4e53087b5077f) (DefaultImporter) -> (artifact id: '613456588ec8810cb12479107d1031a6') in 0.0016902 seconds
Start importing Assets/Eldoria/Resources/Valoria/HistoricalLandmarks using Guid(cef1e1b88969b5c4cb2fd5d6f945e79f) (DefaultImporter) -> (artifact id: '0b494f10991f5d4073a20a84e7b1273e') in 0.0014845 seconds
Start importing Assets/Eldoria/Resources/Valoria/ProductionArt/CameraFirstFunctionalSourceV1 using Guid(b145d51dce1db5849b40b79e5b3f8e50) (DefaultImporter) -> (artifact id: '8d863eb42e9a5285b48936d7b7c6a4e0') in 0.0014729 seconds
Start importing Assets/Eldoria/Resources/Valoria/ProductionArt/StarterFamily using Guid(427f8d0ca43381b41b3f8600dd7d0a8f) (DefaultImporter) -> (artifact id: 'f2a556f4b502f57e82d9243aeb17e3fd') in 0.0016482 seconds
Start importing Assets/Eldoria/Resources/Valoria/ProductionArt/StarterFamilyV3 using Guid(5567d09fd3a17ee43958dee2506175c0) (DefaultImporter) -> (artifact id: 'a7fbe7a6feec9693cda372f3c0cc2bea') in 0.0014483 seconds
Start importing Assets/Eldoria/Resources/Valoria/ProductionArt/GraneroRichCameraFirstV1 using Guid(1697a21280d91aa469a8997856ed66c4) (DefaultImporter) -> (artifact id: '64122533018668ccd1f75878a80800d1') in 0.0015938 seconds
Start importing Assets/Eldoria/Resources/Valoria/ProductionArt/StarterFamilyV2 using Guid(662fcd22244c614458e557b6a4d69cdb) (DefaultImporter) -> (artifact id: '90861d6535d8eab35b7f309c131fd02f') in 0.0014438 seconds
Start importing Assets/Eldoria/Resources/Valoria/ProductionArt/FirstProductionDistrictV1 using Guid(77cd9719d335fc4409c34848de6d4ca0) (DefaultImporter) -> (artifact id: 'f4b7018fc5b58e9a8343e450041a3813') in 0.0014229 seconds
Start importing Assets/Eldoria/Resources/Valoria/ProductionArt/StructuralFrameUrbanSupportIntegrationV1 using Guid(885a44815fe766c48ac7bdd6b73e3a28) (DefaultImporter) -> (artifact id: 'da356482b006444120a8efa41825aeca') in 0.0060899 seconds
Start importing Assets/Eldoria/Resources/Valoria/ProductionArt/GraneroCuartelSourceUpgradeV1 using Guid(9822e2ccbbe4c424e978e84582f6d2fc) (DefaultImporter) -> (artifact id: '85e4a561815181a298a5abffae7e67e8') in 0.0016096 seconds
Start importing Assets/Eldoria/Resources/Valoria/ProductionArt/DefensiveFamilyV1 using Guid(f95436ea5e6b8784aa4c4e1dfb2ed971) (DefaultImporter) -> (artifact id: '30e395f9d9c7b5a9252674c02965ce14') in 0.0017663 seconds
Start importing Assets/Eldoria/Resources/Valoria/ProductionArt/DefensiveSkinV1 using Guid(ea8414ad20c88b54ebf993b11445cb01) (DefaultImporter) -> (artifact id: 'c4115ac1c0ee55ee8ab1d31812883a16') in 0.0017328 seconds
Start importing Assets/Eldoria/Resources/Valoria/ProductionArt/StoneDefensiveFamilyV2 using Guid(ecead1653d497db48b92b2956851db95) (DefaultImporter) -> (artifact id: '7065b124cc7e7966496f0d509604b68a') in 0.0015949 seconds
Start importing Assets/Eldoria/Resources/Valoria/ProductionArt/CoherentFamilyV1 using Guid(5fe5bf1e86d63b443a0a2a4a669be26e) (DefaultImporter) -> (artifact id: 'c3dbf455b8c8eb5f68b5b3cc3f83cb32') in 0.0014367 seconds
Refreshing native plugins compatible for Editor in 0.30 ms, found 0 plugins.
Native extension for iOS target not found
Native extension for WindowsStandalone target not found
Native extension for WebGL target not found
ScheduleIndexationOnStartup MainProcess:True IndexOnStartup:True
Mono: successfully reloaded assembly
- Finished resetting the current domain, in  2.500 seconds
Domain Reload Profiling: 3191ms
	BeginReloadAssembly (328ms)
		ExecutionOrderSort (0ms)
		DisableScriptedObjects (54ms)
		BackupInstance (0ms)
		ReleaseScriptingObjects (0ms)
		CreateAndSetChildDomain (156ms)
	RebuildCommonClasses (35ms)
	RebuildNativeTypeToScriptingClass (14ms)
	initialDomainReloadingComplete (24ms)
	LoadAllAssembliesAndSetupDomain (290ms)
		LoadAssemblies (244ms)
		RebuildTransferFunctionScriptingTraits (0ms)
		AnalyzeDomain (134ms)
			TypeCache.Refresh (90ms)
				TypeCache.ScanAssembly (82ms)
			BuildScriptInfoCaches (32ms)
			ResolveRequiredComponents (10ms)
	FinalizeReload (2501ms)
		ReleaseScriptCaches (0ms)
		RebuildScriptCaches (0ms)
		SetupLoadedEditorAssemblies (2298ms)
			LogAssemblyErrors (0ms)
			InitializePlatformSupportModulesInManaged (29ms)
			SetLoadedEditorAssemblies (3ms)
			BeforeProcessingInitializeOnLoad (138ms)
			ProcessInitializeOnLoadAttributes (1976ms)
			ProcessInitializeOnLoadMethodAttributes (147ms)
			AfterProcessingInitializeOnLoad (5ms)
			EditorAssembliesLoaded (0ms)
		ExecutionOrderSort2 (0ms)
		AwakeInstancesAfterBackupRestoration (17ms)
Start importing Assets/Eldoria/ArtTests/LayeredValoria/valley-backdrop.png using Guid(b38ec23a3dfeb554dbb3a139f96e677f) (TextureImporter) -> (artifact id: 'cc6b0b43e9a2638ec955938ef4166329') in 0.0841603 seconds
Start importing Assets/Eldoria/ArtTests/OriginalHero/Textures/limestone.png using Guid(c43e4dbd4fdd725408c8a22d5ca735f5) (TextureImporter) -> (artifact id: '04518a64d182c773353f8a2f30440dec') in 0.0188674 seconds
Start importing Assets/Eldoria/ArtTests/OriginalHero/Textures/oldstone.png using Guid(c5841231f72003345aaaf98d94f25174) (TextureImporter) -> (artifact id: '0314115c8810faaf3a75fa3b5c6e4b45') in 0.0189333 seconds
Start importing Assets/Eldoria/ArtTests/OriginalHero/Textures/rock.png using Guid(069b223caedb91242ab10698fd9c5aa4) (TextureImporter) -> (artifact id: '8d24c208db08e39ca3dfa98ebc59743b') in 0.013928 seconds
Start importing Assets/Eldoria/ArtTests/LayeredValoria/bastion-stage-2.png using Guid(58172c13b1dec784baa00c9564f10b65) (TextureImporter) -> (artifact id: '484e2efb79e89d5e555864d8b012aad0') in 0.0733835 seconds
Start importing Assets/Eldoria/ArtTests/OriginalHero/Textures/slate.png using Guid(1ae71c9ecf493c74dac5fd0741ec3986) (TextureImporter) -> (artifact id: 'b67618a42ccb4fc6bb74ddec170ed6fe') in 0.013102 seconds
Start importing Assets/Eldoria/ArtTests/OriginalHero/Textures/oak.png using Guid(6a87a8bd7232aae40907a199603153f2) (TextureImporter) -> (artifact id: 'c8c0b72c14f21caa1e0f1434dbe46711') in 0.0181322 seconds
Start importing Assets/Eldoria/ArtTests/LayeredValoria/bastion-stage-1.png using Guid(4b55266ad8388184380ec264a22ab7b8) (TextureImporter) -> (artifact id: 'a836c745eea23377e5aa1ed7f6b89838') in 0.0672541 seconds
Start importing Assets/Eldoria/ArtTests/OriginalHero/review-approach.png using Guid(cc98c144f0f69924883fd66a9e2f60fa) (TextureImporter) -> (artifact id: 'b8d2e22fa1fb5e8358c4c2121306c059') in 0.0257095 seconds
Start importing Assets/Eldoria/ArtTests/OriginalHero/review-oblique.png using Guid(0e50579c9621ee943a7e80daa34c59d5) (TextureImporter) -> (artifact id: '9bd160da2a90761b9f7c23a8e0448247') in 0.0306266 seconds
Start importing Assets/Eldoria/ArtTests/OriginalHero/review-establishing.png using Guid(9f0f41523e4402b44bb14ab599e7d981) (TextureImporter) -> (artifact id: '3a3cb4e87f069159fb5754df68b05061') in 0.0253097 seconds
Start importing Assets/Mega Fantasy Props Pack/Materials/cobblestone_wall_1_fixed_d.mat using Guid(f08005055adb6774b8d7cd4b19858a9e) (NativeFormatImporter) -> (artifact id: '08aa2fb4cf38aa00bd9cb9f14a7ac8bf') in 0.0013473 seconds
Start importing Assets/Holotna/Mountain/Materials/Leaf01A.mat using Guid(139555b96554b7c42ba1553ba4dbf714) (NativeFormatImporter) -> (artifact id: 'fddd4d4b622c3d6830f37f48707f26c5') in 0.0025329 seconds
Start importing Assets/Mega Fantasy Props Pack/Materials/wood_1_d.mat using Guid(13ceee64ceec99b4c83bc82e593822e9) (NativeFormatImporter) -> (artifact id: '66d4410d5aa1b313693af504d97baca5') in 0.001495 seconds
Start importing Assets/Mega Fantasy Props Pack/Materials/bark_2_d.mat using Guid(c308058fe19e91945b8a535cbaeec91d) (NativeFormatImporter) -> (artifact id: 'a84a958dcaffd4398fb5fde17c7d9513') in 0.0013446 seconds
Start importing Assets/Mega Fantasy Props Pack/Materials/wooden-boards-texture_d.mat using Guid(f50fd987009300249ad223e750bb4396) (NativeFormatImporter) -> (artifact id: 'cea076070cf6a50b741fec39aba8b2a0') in 0.0013514 seconds
Start importing Assets/Mega Fantasy Props Pack/Materials/granite_1_d.mat using Guid(965224637509ca24787fde060eea6f06) (NativeFormatImporter) -> (artifact id: '2582c6f75af5be20f9802e8eb007d227') in 0.0012174 seconds
Start importing Assets/Holotna/Mountain/Materials/Leaf01B.mat using Guid(f7f56d7aa0f4fd0428509756cb44983f) (NativeFormatImporter) -> (artifact id: '55046bbcb16b45a3de1498f32e5de9ae') in 0.0015278 seconds
Start importing Assets/Mega Fantasy Props Pack/Materials/stone_wall_3_d.mat using Guid(1fe0bf56d0e15604689d9bae86d0c047) (NativeFormatImporter) -> (artifact id: '7ec740675f1d04bea116dceb64f048a3') in 0.0014683 seconds
Start importing Assets/Eldoria/ArtTests/OriginalHero/valoria_hero_fragment.fbx using Guid(ce555e8f5e185714c9527b96307def2e) (FBXImporter)Launched and connected shader compiler UnityShaderCompiler.exe after 0.01 seconds
 -> (artifact id: '32586e0d4319e8550810b72d2cde9100') in 0.1337249 seconds
Start importing Assets/Eldoria/Content/EldoriaMobileURP.asset using Guid(48e3a09b57f028a4bb2e693d044ea6ca) (NativeFormatImporter) -> (artifact id: '73c4dfa9054b5323fb01b7441a14dab4') in 0.0018674 seconds
Start importing Assets/Eldoria/Resources/Valoria/ProductionArt/StarterFamilyV3/Valoria_Workshop_v3.glb using Guid(2095b834736b4a44bbe2c3bc14d266ef) (ScriptedImporter) -> (artifact id: '277d81993d589b861ccb5e0ab277a6ce') in 0.114015 seconds
Start importing Assets/Eldoria/Resources/Valoria/ProductionArt/GraneroCuartelSourceUpgradeV1/Valoria_Cuartel_GCSUv1.glb using Guid(20f7dda8c64fa474f81bba215aba8496) (ScriptedImporter) -> (artifact id: 'e0c564cb1d380de4f111580a5d552050') in 1.4667326 seconds
Start importing Assets/Eldoria/Resources/Valoria/ProductionArt/StarterFamilyV2/Valoria_Tower_v2.glb using Guid(4096eaf8559243d4fbe95df26ad1b289) (ScriptedImporter) -> (artifact id: '30ff1768d6f2d7afe4ab04e9cb86f2d1') in 0.2582293 seconds
Start importing Assets/Eldoria/Resources/Valoria/ProductionArt/CameraFirstFunctionalSourceV1/Valoria_Cuartel_CFSv1.glb using Guid(5040d3469f5363e4b9937c16781a481f) (ScriptedImporter) -> (artifact id: 'ddffe508a753a7fe3d371d38a53a9cf2') in 2.6320945 seconds
Start importing Assets/Eldoria/Resources/Valoria/ProductionArt/StarterFamilyV2/Valoria_CivicHouse_v2.glb using Guid(50c7c5aadd0e8ad41a3659a2a03b6dec) (ScriptedImporter) -> (artifact id: '855d4e7d910bde2a727a2694474b295b') in 0.0210881 seconds
Start importing Assets/Eldoria/Resources/Valoria/ProductionArt/StarterFamilyV3/Valoria_MainGate_v3.glb using Guid(f0312cc7206856c4ab56a32c45a62ba2) (ScriptedImporter) -> (artifact id: 'b4eb6cce73578aa1f4141f972acd212a') in 0.01096 seconds
Start importing Packages/com.unity.render-pipelines.core/Tests/Editor/UnifiedRayTracing/TraceRays.urtshader using Guid(1142bbad8b9e8c44c83a9775ff120d37) (ScriptedImporter)
Compiling Ray Tracing Shader "TraceRays.urtshader", keywords = <no keywords>
    finished in 0.00 seconds. Local cache hits 1, remote cache hits 0, compiled 0 platform variants
 -> (artifact id: 'ed75cf288dc76bc4050d5edd33a052f1') in 0.0092618 seconds
Start importing Assets/Eldoria/Resources/Valoria/ProductionArt/CoherentFamilyV1/Valoria_CivicHouse_CohV1.glb using Guid(11aee5b445a0f824c85a1c64e9de77ba) (ScriptedImporter) -> (artifact id: '5ad6856272aa2c726fe17231a2f5f21d') in 0.0162189 seconds
Start importing Packages/com.unity.render-pipelines.universal/Runtime/RendererFeatures/SurfaceCacheGI/SurfaceCacheCore/RisEstimation.urtshader using Guid(713f6141bd66a134383b787f2eaa7c11) (ScriptedImporter)
Compiling Ray Tracing Shader "RisEstimation.urtshader", keywords = <no keywords>
    finished in 0.00 seconds. Local cache hits 1, remote cache hits 0, compiled 0 platform variants
 -> (artifact id: '9a1f1de801316cab02274e82f530bbbc') in 0.0104638 seconds
Start importing Assets/Eldoria/Resources/Valoria/ProductionArt/StarterFamily/Valoria_WallSegment_v1.glb using Guid(d13728facb2d1fb4aa1ab237252e9e68) (ScriptedImporter) -> (artifact id: 'a02c006fcdde9185b4ab43ee34d59cab') in 0.0176199 seconds
Start importing Assets/Eldoria/Resources/Valoria/ProductionArt/FirstProductionDistrictV1/Valoria_DefenseWall_FPDv1.glb using Guid(42f6fbadde169f445b5eb4fbc96bcedf) (ScriptedImporter) -> (artifact id: '66134bdc2f22047a96a9bbf65e23ca27') in 0.4250582 seconds
Start importing Assets/Eldoria/Resources/Valoria/ProductionArt/CoherentFamilyV1/Valoria_Workshop_CohV1.glb using Guid(52c488273e15cfd429c106075fb4602c) (ScriptedImporter) -> (artifact id: 'dd859d6f05aa4a41ffe269189f6fc5af') in 0.0061655 seconds
Start importing Assets/Eldoria/Resources/Valoria/ProductionArt/StructuralFrameUrbanSupportIntegrationV1/CuartelTerraceSupport.glb using Guid(62d5272c27de4a745888657ccbef01ca) (ScriptedImporter) -> (artifact id: '71910b675839e52ea61f2c800eb80f2e') in 0.0102326 seconds
Start importing Assets/Eldoria/Resources/Valoria/ProductionArt/CoherentFamilyV1/Valoria_Tower_CohV1.glb using Guid(043fb23927960334e876bac33c2de566) (ScriptedImporter) -> (artifact id: '9a608b17226915cd9115a21db6aa01d2') in 0.00637 seconds
Start importing Assets/Eldoria/Resources/Valoria/ProductionArt/GraneroRichCameraFirstV1/Valoria_Granero_RCFv1.glb using Guid(14e667e7779020d4bbe44956a1c9bb39) (ScriptedImporter) -> (artifact id: '9d9abd4250d84da1453f8f0433cb69d1') in 0.7199858 seconds
Start importing Assets/Eldoria/Resources/Valoria/ProductionArt/DefensiveFamilyV1/Valoria_WallSegment_DefV1.glb using Guid(5436b48899b77bf41a3261ad11a2b38d) (ScriptedImporter) -> (artifact id: '9e41560d9cede6893944be792f370bf2') in 0.0105167 seconds
Start importing Packages/com.unity.render-pipelines.core/Editor/Lighting/ProbeVolume/RenderingLayerMask/TraceRenderingLayerMask.urtshader using Guid(94a070d33e408384bafc1dea4a565df9) (ScriptedImporter)
Compiling Ray Tracing Shader "TraceRenderingLayerMask.urtshader", keywords = <no keywords>
    finished in 0.00 seconds. Local cache hits 1, remote cache hits 0, compiled 0 platform variants
 -> (artifact id: 'b4c37232d12478f0a553173be08a4592') in 0.0113948 seconds
Start importing Packages/com.unity.render-pipelines.universal/Runtime/RendererFeatures/SurfaceCacheGI/SurfaceCacheCore/UniformEstimation.urtshader using Guid(94a39d12848d8d64ca962a72b74e7c50) (ScriptedImporter)
Compiling Ray Tracing Shader "UniformEstimation.urtshader", keywords = <no keywords>
    finished in 0.00 seconds. Local cache hits 1, remote cache hits 0, compiled 0 platform variants
 -> (artifact id: '7137898db659553cd94b75e151ca38bd') in 0.0077314 seconds
Start importing Assets/Eldoria/Resources/Valoria/ProductionArt/StoneDefensiveFamilyV2/Valoria_Tower_StoneDefV2.glb using Guid(c40f1fa2e37e5254f8b6172cbe5a9194) (ScriptedImporter) -> (artifact id: '3c78f45825708d55f1fce02a1dd8b7ad') in 0.5114036 seconds
Start importing Assets/Eldoria/Resources/Valoria/ProductionArt/StarterFamily/Valoria_CivicHouse_v1.glb using Guid(6540644e8bedb6949a05d1be75279afd) (ScriptedImporter) -> (artifact id: 'aa0596ccf0f990a39c7a12f73dbc72f1') in 0.0172299 seconds
Start importing Packages/com.unity.render-pipelines.core/Tests/Editor/UnifiedRayTracing/TraceTransparentRays.urtshader using Guid(6513c3b892e933c4f8d00c19d5c47532) (ScriptedImporter)
Compiling Ray Tracing Shader "TraceTransparentRays.urtshader", keywords = <no keywords>
    finished in 0.00 seconds. Local cache hits 1, remote cache hits 0, compiled 0 platform variants
 -> (artifact id: '8a6d6e3a0c7debafddc557b829529385') in 0.0046262 seconds
Start importing Assets/Eldoria/ArtTests/ImageTo3D/Source/SOURCE.md using Guid(7527c751a9d8a3143adff4c4c35d29a3) (TextScriptImporter) -> (artifact id: '3794d4f6df6e68753b203ae0d27142df') in 0.0036735 seconds
Start importing Assets/Eldoria/Resources/Valoria/ProductionArt/StarterFamilyV2/Valoria_WallSegment_v2.glb using Guid(264331c227657eb45adc6728a95f0c02) (ScriptedImporter) -> (artifact id: 'df6b8b15abc1f12baca8c57116c49d20') in 0.4765457 seconds
Start importing Assets/Eldoria/Resources/Valoria/ProductionArt/CoherentFamilyV1/Valoria_WallSegment_CohV1.glb using Guid(661e5643e5a06e24eaa24c360f13416d) (ScriptedImporter) -> (artifact id: '19a0f902dfd8f51487ae576a59aa7444') in 0.0065649 seconds
Start importing Assets/Eldoria/Resources/Valoria/ProductionArt/DefensiveFamilyV1/Valoria_MainGate_DefV1.glb using Guid(c639c56313330954699a0b162a3cbe7d) (ScriptedImporter) -> (artifact id: 'a3b8809751636d6f189bc7ce45fc4019') in 0.0213497 seconds
Start importing Assets/Eldoria/Resources/Valoria/ProductionArt/StructuralFrameUrbanSupportIntegrationV1/LowerArcadedFront.glb using Guid(f67c6ecdc9bad7e4f8adb9b25c5fa4dd) (ScriptedImporter) -> (artifact id: '9ca296bdfc2fc5223bcddfb47bd08e4c') in 0.0154112 seconds
Start importing Assets/Eldoria/Resources/Valoria/ProductionArt/StarterFamilyV2/Valoria_MainGate_v2.glb using Guid(172d330ce73bd8e469c5bd60f291d9d5) (ScriptedImporter) -> (artifact id: '654e61e221c9ac65e35d240f314f21ce') in 0.4733769 seconds
Start importing Assets/Eldoria/Resources/Valoria/ProductionArt/DefensiveSkinV1/Valoria_MainGate_SkinV1.glb using Guid(27d5b70822465f64e8fd6cfc15e6e5b8) (ScriptedImporter) -> (artifact id: '0ffaaf7d49161982aebc636f31c1c551') in 2.370739 seconds
Start importing Assets/Eldoria/Resources/Valoria/ProductionArt/DefensiveFamilyV1/Valoria_Tower_DefV1.glb using Guid(18bbbdb8e54b7ea4684d587a564dca5c) (ScriptedImporter) -> (artifact id: '40bee19d2cec1abf6b1e830076348e13') in 0.0167193 seconds
Start importing Assets/Eldoria/Resources/Valoria/ProductionArt/StarterFamily/Valoria_MainGate_v1.glb using Guid(a8b56e57c8e4a1f4ba5315b957bec00f) (ScriptedImporter) -> (artifact id: '2db0064cba6b566586aeca9de74428da') in 0.0100222 seconds
Start importing Assets/Eldoria/Resources/Valoria/ProductionArt/GraneroCuartelSourceUpgradeV1/Valoria_Granero_GCSUv1.glb using Guid(b85baad7ae6ce1f4ea6d87a3ee9a257f) (ScriptedImporter) -> (artifact id: 'da1f87b6aac4cd4a4bd1c7bc1899ee5b') in 0.7877478 seconds
Start importing Assets/Eldoria/Resources/Valoria/ProductionArt/StarterFamilyV2/Valoria_Workshop_v2.glb using Guid(1a577f9f56a3fef4d8169c0d7fd5b68f) (ScriptedImporter) -> (artifact id: 'e55840f67207247cccc94032420ce1ae') in 0.8554865 seconds
Start importing Assets/Eldoria/Resources/Valoria/ProductionArt/StarterFamilyV3/Valoria_CivicHouse_v3.glb using Guid(3ab45b4fba1332f4fa437d4b3808bf0a) (ScriptedImporter) -> (artifact id: '76a161e83b9048863d1027cdabf5e637') in 0.026478 seconds
Start importing Packages/com.unity.render-pipelines.core/Editor/Lighting/ProbeVolume/DynamicGI/DynamicGISkyOcclusion.urtshader using Guid(5a2a534753fbdb44e96c3c78b5a6999d) (ScriptedImporter)
Compiling Ray Tracing Shader "DynamicGISkyOcclusion.urtshader", keywords = <no keywords>
    finished in 0.00 seconds. Local cache hits 1, remote cache hits 0, compiled 0 platform variants
 -> (artifact id: '6121317dbb61423cfd7261ee17d66068') in 0.0105882 seconds
Start importing Assets/Eldoria/Resources/Valoria/ProductionArt/FirstProductionDistrictV1/Valoria_MainGate_FPDv1.glb using Guid(aa7fa4ffaa44a5f4cb4532c2d4d2107b) (ScriptedImporter) -> (artifact id: '0304236cf6f4937eb10e76dfc6503dfb') in 1.8882398 seconds
Start importing Packages/com.unity.render-pipelines.core/Tests/Editor/UnifiedRayTracing/TraceRaysAndFetchAttributes.urtshader using Guid(fbc59f55df2416344b008dc23753cae2) (ScriptedImporter)
Compiling Ray Tracing Shader "TraceRaysAndFetchAttributes.urtshader", keywords = <no keywords>
    finished in 0.00 seconds. Local cache hits 1, remote cache hits 0, compiled 0 platform variants
 -> (artifact id: 'e2904335ec7747ce9d6008b86176caac') in 0.0091549 seconds
Start importing Assets/Eldoria/Resources/Valoria/ProductionArt/CoherentFamilyV1/Valoria_MainGate_CohV1.glb using Guid(4c0052960d8d19b45a61ae7d6dd98b95) (ScriptedImporter) -> (artifact id: '5ceab714c6b2fddff48f7b8b2ea5edeb') in 0.0113935 seconds
Start importing Assets/Eldoria/Resources/Valoria/ProductionArt/FirstProductionDistrictV1/Valoria_Granero_FPDv1.glb using Guid(bc3a4e82bfda5124b90db9997dfda7b3) (ScriptedImporter) -> (artifact id: '68404b2977df42f6bcd67f8680bd7357') in 0.4715567 seconds
Start importing Assets/Eldoria/Resources/Valoria/ProductionArt/FirstProductionDistrictV1/Valoria_Cuartel_FPDv1.glb using Guid(dc516c06dac0c784ba28991bcbcf212e) (ScriptedImporter) -> (artifact id: 'f1380b55fa40b0d86b6709e2d5e46fe7') in 1.0627438 seconds
Start importing Assets/Eldoria/Resources/Valoria/ProductionArt/StarterFamilyV3/Valoria_WallSegment_v3.glb using Guid(0d9366de87b1acd4ebd0bf4ca593398b) (ScriptedImporter) -> (artifact id: '844394a2d68cf434cd72dce7315ce62c') in 0.006253 seconds
Start importing Assets/Eldoria/Resources/Valoria/ProductionArt/StarterFamily/Valoria_Workshop_v1.glb using Guid(5d3aa1f53ccb7b24b8a0904343fe24f8) (ScriptedImporter) -> (artifact id: 'b1aa54b5f4147f7d763bae3dbc56cc9e') in 0.0145856 seconds
Start importing Assets/Eldoria/Resources/Valoria/ProductionArt/StoneDefensiveFamilyV2/Valoria_WallSegment_StoneDefV2.glb using Guid(6d92e96e96cb78746b4d81afbf4e1d70) (ScriptedImporter) -> (artifact id: '417a6d0ae187434479f68e52612a0a78') in 0.6187104 seconds
Start importing Packages/com.unity.render-pipelines.universal/Runtime/RendererFeatures/SurfaceCacheGI/SurfaceCacheCore/RestirCandidateTemporal.urtshader using Guid(ad3a9f9982f8c4f4a839a78955e78458) (ScriptedImporter)
Compiling Ray Tracing Shader "RestirCandidateTemporal.urtshader", keywords = <no keywords>
    finished in 0.00 seconds. Local cache hits 1, remote cache hits 0, compiled 0 platform variants
 -> (artifact id: 'bb5e8a98187c7df48659ce9cebf88e0e') in 0.0076157 seconds
Start importing Assets/Eldoria/Resources/Valoria/ProductionArt/DefensiveSkinV1/Valoria_WallSegment_SkinV1.glb using Guid(bd42c74ec6f7e0342941316df02e2ace) (ScriptedImporter) -> (artifact id: '5402f83623abe8266beaa037710dda1c') in 0.4917471 seconds
Start importing Assets/Eldoria/Resources/Valoria/ProductionArt/CameraFirstFunctionalSourceV1/Valoria_Granero_CFSv1.glb using Guid(cd39de9584990be40ad4efce79061574) (ScriptedImporter) -> (artifact id: '5af95337c0c248ba2e2d33b2571537e8') in 0.5999936 seconds
Start importing Assets/Eldoria/Resources/Valoria/ProductionArt/DefensiveSkinV1/Valoria_Tower_SkinV1.glb using Guid(cd6955e1963233843827dc64d97b344e) (ScriptedImporter) -> (artifact id: '73c615cf9dca53bf083d186cd6a58c85') in 0.4265464 seconds
Start importing Assets/Eldoria/Resources/Valoria/ProductionArt/StructuralFrameUrbanSupportIntegrationV1/CivicRetainingBay.glb using Guid(fd6a71c7723346841b8b39fef8d14ed3) (ScriptedImporter) -> (artifact id: 'acb13212f6e8239647fbf1b34560b4c1') in 0.0098657 seconds
Start importing Assets/Eldoria/Resources/Valoria/ProductionArt/StarterFamily/Valoria_Tower_v1.glb using Guid(4e675fbd801442f46a3146c5dfc2ff26) (ScriptedImporter) -> (artifact id: '5ecac99d8a14a3e76ced7d0fc42c98f8') in 0.009057 seconds
Start importing Assets/Eldoria/Resources/Valoria/ProductionArt/FirstProductionDistrictV1/Valoria_DefenseTower_FPDv1.glb using Guid(bf9ca19b561bcff4fb14bca69e143377) (ScriptedImporter) -> (artifact id: '6d9505fb3813d4c21b48ff45ac90e433') in 1.8086965 seconds
Start importing Assets/Eldoria/Resources/Valoria/ProductionArt/StarterFamilyV3/Valoria_Tower_v3.glb using Guid(df1ac5f7c6375aa49b8bc8f4f0d1a44b) (ScriptedImporter) -> (artifact id: 'ceea07e674756b3e5a55ef0f295d4c0c') in 0.0123772 seconds
Start importing Assets/Eldoria/Resources/Valoria/ProductionArt/StoneDefensiveFamilyV2/Valoria_MainGate_StoneDefV2.glb using Guid(df9ffeb7259e18445bc5bcabfa9c8e81) (ScriptedImporter) -> (artifact id: 'b3d63d4a9b4dd23357b453983bb1e0ca') in 0.448023 seconds
Start importing Packages/com.unity.render-pipelines.core/Editor/Lighting/ProbeVolume/VirtualOffset/TraceVirtualOffset.urtshader using Guid(ff2cbab5da58bf04d82c5f34037ed123) (ScriptedImporter)
Compiling Ray Tracing Shader "TraceVirtualOffset.urtshader", keywords = <no keywords>
    finished in 0.00 seconds. Local cache hits 1, remote cache hits 0, compiled 0 platform variants
 -> (artifact id: '5e4468c407a8c52154d967806b8e3901') in 0.0173951 seconds
Refreshing native plugins compatible for Editor in 0.37 ms, found 0 plugins.
Preloading 0 native plugins for Editor in 0.00 ms.
Asset Pipeline Refresh (id=4ad2032508b9ab94e940bd5ae9e7cf53): Total: 26.532 seconds - Initiated by InitialRefreshV2(ForceSynchronousImport)
	Summary:
		Imports: total=113 (actual=113, local cache=0, cache server=0)
		Asset DB Process Time: managed=62 ms, native=23163 ms
		Asset DB Callback time: managed=315 ms, native=1752 ms
		Scripting: domain reloads=1, domain reload time=694 ms, compile time=507 ms, other=36 ms
		Project Asset Count: scripts=1089, non-scripts=3431
		Asset File Changes: new=0, changed=257, moved=0, deleted=0
		Scan Filter Count: 0
	InvokeCustomDependenciesCallbacks: 0.002ms
	InvokePackagesCallback: 1115.750ms
	ApplyChangesToAssetFolders: 0.454ms
	Scan: 266.648ms
	OnSourceAssetsModified: 1.080ms
	CategorizeAssetsWithTransientArtifact: 18.813ms
	ProcessAssetsWithTransientArtifactChanges: 42.974ms
	CategorizeAssets: 173.201ms
	ImportOutOfDateAssets: 22609.873ms (1997.731ms without children)
		ImportManagerImport: 20099.365ms (10.099ms without children)
			ImportInProcess: 20088.373ms
			UpdateCategorizedAssets: 0.893ms
		CompileScripts: 506.517ms
		ReloadNativeAssets: 2.503ms
		UnloadImportedAssets: 0.978ms
		ReloadImportedAssets: 0.907ms
		EnsureUptoDateAssetsAreRegisteredWithGuidPM: 0.981ms
		InitializingProgressBar: 0.006ms
		PostProcessAllAssetNotificationsAddChangedAssets: 0.001ms
		OnDemandSchedulerStart: 0.882ms
	PostProcessAllAssets: 994.114ms
	Hotreload: 2.731ms
	GatherAllCurrentPrimaryArtifactRevisions: 0.162ms
	UnloadStreamsBegin: 3.447ms
	PersistCurrentRevisions: 0.390ms
	UnloadStreamsEnd: 0.001ms
	GenerateScriptTypeHashes: 87.424ms
	Untracked: 1302.517ms

Application.AssetDatabase Initial Refresh End
Scanning for USB devices : 2.982ms
Initializing Unity extensions:
[MODES] ModeService[none].Initialize
[MODES] ModeService[none].LoadModes
[MODES] Loading mode Default (0) for mode-current-id-Unity
Unloading 32 Unused Serialized files (Serialized files now loaded: 0)
Unloading 4106 unused Assets / (6.9 MB). Loaded Objects now: 5019.
Memory consumption went from 223.4 MB to 216.5 MB.
Total: 10.397200 ms (FindLiveObjects: 0.516300 ms CreateObjectMapping: 0.477100 ms MarkObjects: 6.894700 ms  DeleteObjects: 2.490700 ms)

Start importing ProjectSettings/GraphicsSettings.asset using Guid(00000000000000006100000000000000) (LibraryAssetImporter) -> (artifact id: 'f6e7e90ea165a198e8cb01f3f9a4b5e1') in 0.0017719 seconds
Start importing Assets/Eldoria/Content/EldoriaMobileURP.asset using Guid(48e3a09b57f028a4bb2e693d044ea6ca) (NativeFormatImporter) -> (artifact id: 'ce5faf1c75a07b860f039c322a146326') in 0.0012916 seconds
Refreshing native plugins compatible for Editor in 0.30 ms, found 0 plugins.
Preloading 0 native plugins for Editor in 0.00 ms.
Asset Pipeline Refresh (id=a61a151b9625c8c4cbee3e97ea8e74ee): Total: 0.062 seconds - Initiated by StopAssetImportingV2(NoUpdateAssetOptions)
Unloading 0 Unused Serialized files (Serialized files now loaded: 0)
Unloading 3 unused Assets / (2.4 KB). Loaded Objects now: 5019.
Memory consumption went from 201.0 MB to 201.0 MB.
Total: 6.621100 ms (FindLiveObjects: 0.170700 ms CreateObjectMapping: 0.082900 ms MarkObjects: 6.347900 ms  DeleteObjects: 0.018800 ms)

PREPRODUCTION_CAPTURE_TECH_PASS; VISUAL_REVIEW_REQUIRED
UnityEngine.Debug:ExtractStackTraceNoAlloc (byte*,int,string)
UnityEngine.StackTraceUtility:ExtractStackTrace ()
UnityEngine.DebugLogHandler:Internal_Log (UnityEngine.LogType,UnityEngine.LogOption,string,UnityEngine.Object)
UnityEngine.DebugLogHandler:LogFormat (UnityEngine.LogType,UnityEngine.Object,string,object[])
UnityEngine.Logger:Log (UnityEngine.LogType,object)
UnityEngine.Debug:Log (object)
Eldoria.EditorTools.PreproductionSceneCapture:Capture () (at Assets/Eldoria/Scripts/Editor/PreproductionSceneCapture.cs:96)

(Filename: Assets/Eldoria/Scripts/Editor/PreproductionSceneCapture.cs Line: 96)

[Physics::Module] Cleanup current backend.
[Physics::Module] Id: 0xf2b8ea05
Input System module state changed to: ShutdownInProgress.
Input System polling thread exited.
Input System module state changed to: Shutdown.
[Licensing::IpcConnector] LicenseClient-crist-notifications channel disconnected successfully.
[Licensing::IpcConnector] LicenseClient-crist channel disconnected successfully.
AcceleratorClientConnectionCallback - disconnected - :0
Cleanup mono
Checking for leaked weakptr:
  Found no leaked weakptrs.
[Package Manager] Server process was shutdown
##utp:{"type":"MemoryLeaks","version":2,"phase":"Immediate","time":1791183888320,"processId":42484,"allocatedMemory":15518702,"memoryLabels":[{"Default":29313},{"Permanent":15236},{"NewDelete":68275},{"Thread":4230384},{"Manager":821104},{"VertexData":104},{"Geometry":816},{"Texture":160},{"Shader":83733},{"Material":24},{"GfxDevice":55944},{"Animation":392},{"Audio":3040},{"FreeType":8},{"FontEngine":736},{"Physics":2146},{"Physics2D":16},{"Serialization":528},{"Input":14984},{"JobScheduler":33024},{"TextLib":280},{"Mono":32},{"MonoCode":64},{"ScriptingNativeRuntime":155060},{"BaseObject":1620336},{"Resource":1336},{"Renderer":3000},{"Transform":4685},{"File":1016},{"WebCam":616},{"Culling":32},{"Terrain":11394},{"Wind":24},{"STL":40},{"String":48028},{"DynamicArray":101107},{"HashMap":80101},{"Utility":2660822},{"Curl":2478},{"PoolAlloc":2344},{"AI":80},{"TypeTree":5341},{"ScriptManager":512},{"RuntimeInitializeOnLoadManager":64},{"SpriteAtlas":112},{"GI":7792},{"Director":8240},{"CloudService":19408},{"WebRequest":589},{"VR":47994},{"SceneManager":504},{"Video":64},{"LazyScriptCache":32},{"Camera":17},{"Secure":2377},{"SerializationCache":1576},{"APIUpdating":10320},{"Subsystems":336},{"VirtualTexturing":57888},{"StaticSafetyDebugInfo":278528},{"Analytics":464},{"Hierarchy":608},{"CoreStats":13112},{"Identifiers":6480},{"Gui":96},{"EditorUtility":112038},{"VersionControl":4},{"Undo":947},{"AssetDatabase":4844738},{"EditorGi":328},{"UnityConnect":29208},{"Upm":1896},{"AssetCompliance":64},{"DrivenProperties":72},{"LocalIPC":211},{"ProfilerEditor":9746},{"CoreBusinessMetrics":3498},{"Licensing":696},{"AssetReference":32},{"IPCStream":32}]}
